{smcl}
{com}{sf}{ul off}{txt}{.-}
      name:  {res}<unnamed>
       {txt}log:  {res}D:\OneDrive - stu.xjtu.edu.cn\SurfaceStudy\科研训练\GDP加法模型之回归法.smcl
  {txt}log type:  {res}smcl
 {txt}opened on:  {res} 1 Aug 2018, 09:26:24

{com}. import excel "D:\OneDrive - stu.xjtu.edu.cn\SurfaceStudy\科研训练\GDP.xlsx", sheet("Sheet0") firstrow
{res}
{com}. tsset date
{res}{txt}{col 9}time variable:  {res}{col 25}date, 31mar1992 to 31mar2018, but with gaps
{txt}{col 17}delta:  {res}1 day

{com}. gen quarter = quarter(t)
{err}t not found
{txt}{search r(111), local:r(111);}

{com}. rename date t
{res}
{com}. gen quarter = quarter(t)

. tab quarter ,gen(q)

    {txt}quarter {c |}      Freq.     Percent        Cum.
{hline 12}{c +}{hline 35}
          1 {c |}{res}         27       25.71       25.71
{txt}          2 {c |}{res}         26       24.76       50.48
{txt}          3 {c |}{res}         26       24.76       75.24
{txt}          4 {c |}{res}         26       24.76      100.00
{txt}{hline 12}{c +}{hline 35}
      Total {c |}{res}        105      100.00

{com}. reg gdp q2-q4

{txt}      Source {c |}       SS           df       MS      Number of obs   ={res}       105
{txt}{hline 13}{c +}{hline 34}   F(3, 101)       = {res}     0.27
{txt}       Model {c |} {res} 3.3280e+09         3  1.1093e+09   {txt}Prob > F        ={res}    0.8456
{txt}    Residual {c |} {res} 4.1216e+11       101  4.0808e+09   {txt}R-squared       ={res}    0.0080
{txt}{hline 13}{c +}{hline 34}   Adj R-squared   ={res}   -0.0215
{txt}       Total {c |} {res} 4.1549e+11       104  3.9951e+09   {txt}Root MSE        =   {res}  63881

{txt}{hline 13}{c TT}{hline 11}{hline 11}{hline 9}{hline 8}{hline 13}{hline 12}
{col 1}         gdp{col 14}{c |}      Coef.{col 26}   Std. Err.{col 38}      t{col 46}   P>|t|{col 54}     [95% Con{col 67}f. Interval]
{hline 13}{c +}{hline 11}{hline 11}{hline 9}{hline 8}{hline 13}{hline 12}
{space 10}q2 {c |}{col 14}{res}{space 2} 2463.316{col 26}{space 2} 17552.66{col 37}{space 1}    0.14{col 46}{space 3}0.889{col 54}{space 4}-32356.45{col 67}{space 3} 37283.08
{txt}{space 10}q3 {c |}{col 14}{res}{space 2} 6751.035{col 26}{space 2} 17552.66{col 37}{space 1}    0.38{col 46}{space 3}0.701{col 54}{space 4}-28068.73{col 67}{space 3}  41570.8
{txt}{space 10}q4 {c |}{col 14}{res}{space 2} 14806.57{col 26}{space 2} 17552.66{col 37}{space 1}    0.84{col 46}{space 3}0.401{col 54}{space 4} -20013.2{col 67}{space 3} 49626.33
{txt}{space 7}_cons {c |}{col 14}{res}{space 2} 66607.22{col 26}{space 2} 12293.96{col 37}{space 1}    5.42{col 46}{space 3}0.000{col 54}{space 4} 42219.31{col 67}{space 3} 90995.13
{txt}{hline 13}{c BT}{hline 11}{hline 11}{hline 9}{hline 8}{hline 13}{hline 12}
{res}
{com}. predict gdp_sa,r

. sum sales
{err}variable {bf}sales{sf} not found
{txt}{search r(111), local:r(111);}

{com}. sum gdp

{txt}    Variable {c |}        Obs        Mean    Std. Dev.       Min        Max
{hline 13}{c +}{hline 57}
{space 9}gdp {c |}{res}        105    72555.26    63206.83     5262.8   234582.2

{com}. gen gdp_sa_reg = gdp_sa + r(mean)

. tsline gdp_sa_reg gdp, lpattern("_")
{res}
{com}. graph export "D:\OneDrive - stu.xjtu.edu.cn\SurfaceStudy\科研训练\GDP加法模型之回归法.png", as(png) replace
{txt}(note: file D:\OneDrive - stu.xjtu.edu.cn\SurfaceStudy\科研训练\GDP加法模型之回归法.png not found)
(file D:\OneDrive - stu.xjtu.edu.cn\SurfaceStudy\科研训练\GDP加法模型之回归法.png written in PNG format)

{com}. save "D:\OneDrive - stu.xjtu.edu.cn\SurfaceStudy\科研训练\GDP加法模型之回归法.dta", replace
{txt}file D:\OneDrive - stu.xjtu.edu.cn\SurfaceStudy\科研训练\GDP加法模型之回归法.dta saved

{com}. log close
      {txt}name:  {res}<unnamed>
       {txt}log:  {res}D:\OneDrive - stu.xjtu.edu.cn\SurfaceStudy\科研训练\GDP加法模型之回归法.smcl
  {txt}log type:  {res}smcl
 {txt}closed on:  {res} 1 Aug 2018, 09:28:44
{txt}{.-}
{smcl}
{txt}{sf}{ul off}